// Jest Snapshot v1, https://goo.gl/fbAQLP

exports[`Pruebas en el componente <RegisterScreen /> Debe de hacer match con el snapshot 1`] = `
Array [
  <h3
    className="auth__title"
  >
    Register
  </h3>,
  <form
    className="animate__animated animate__fadeIn"
    onSubmit={[Function]}
  >
    <input
      autoComplete="off"
      className="auth__input"
      name="email"
      onChange={[Function]}
      placeholder="Email"
      type="text"
      value="loz@gmail.com"
    />
    <input
      autoComplete="off"
      className="auth__input"
      name="name"
      onChange={[Function]}
      placeholder="Name"
      type="text"
      value="Lozanich"
    />
    <input
      className="auth__input"
      name="password"
      onChange={[Function]}
      placeholder="Password"
      type="password"
      value="123456"
    />
    <input
      className="auth__input"
      name="password2"
      onChange={[Function]}
      placeholder="Confirm password"
      type="password"
      value="123456"
    />
    <button
      className="btn btn-primary btn-block mb-5"
      type="submit"
    >
      Ingresar
    </button>
    <a
      className="link"
      href="/auth/login"
      onClick={[Function]}
    >
      Already registered?
    </a>
  </form>,
]
`;
