// Jest Snapshot v1, https://goo.gl/fbAQLP

exports[`Pryebas en el <NoteScrren /> Debe de mostrarse correctamente 1`] = `
<div
  className="notes__main-content"
>
  <div
    className="notes__appbar"
  >
    <span>
      Wednesday, December 31st 1969, 6:00:00 pm
    </span>
    <input
      id="fileSelector"
      name="file"
      onChange={[Function]}
      style={
        Object {
          "display": "none",
        }
      }
      type="file"
    />
    <div>
      <button
        className="btn"
        onClick={[Function]}
      >
        Picture
      </button>
      <button
        className="btn"
        onClick={[Function]}
      >
        Save
      </button>
    </div>
  </div>
  <div
    className="notes__content"
  >
    <input
      autoComplete="off"
      className="notes__title-input"
      name="title"
      onChange={[Function]}
      placeholder="Title"
      type="text"
      value="mi test title"
    />
    <textarea
      className="notes__textarea"
      name="body"
      onChange={[Function]}
      placeholder="What happend today?"
      value="mi test body"
    />
    <button
      className="btn btn-danger"
      onClick={[Function]}
    >
      Eliminar
    </button>
  </div>
</div>
`;
